sample.interval=20000
"cb" 
"as.POSIXlt.POSIXct" "as.POSIXlt" "time_bins_readable" "similar_route" 
"as.POSIXlt.POSIXct" "as.POSIXlt" "time_bins_readable" "similar_route" 
"as.POSIXlt.POSIXct" "as.POSIXlt" "time_bins_readable" "similar_route" 
"%in%" "FUN" "lapply" "sapply" "time_bins_readable" "similar_route" 
"lapply" "sapply" "time_bins_readable" "similar_route" 
"FUN" "lapply" "sapply" "time_bins_readable" "similar_route" 
"FUN" "lapply" "sapply" "time_bins_readable" "similar_route" 
"%in%" "FUN" "lapply" "sapply" "time_bins_readable" "similar_route" 
"%in%" "FUN" "lapply" "sapply" "time_bins_readable" "similar_route" 
"FUN" "lapply" "sapply" "time_bins_readable" "similar_route" 
"lapply" "sapply" "time_bins_readable" "similar_route" 
"lapply" "sapply" "time_bins_readable" "similar_route" 
"lapply" "sapply" "time_bins_readable" "similar_route" 
"lapply" "sapply" "time_bins_readable" "similar_route" 
"lapply" "sapply" "time_bins_readable" "similar_route" 
"FUN" "lapply" "sapply" "time_bins_readable" "similar_route" 
"FUN" "lapply" "sapply" "time_bins_readable" "similar_route" 
"FUN" "lapply" "sapply" "time_bins_readable" "similar_route" 
"lapply" "sapply" "time_bins_readable" "similar_route" 
"FUN" "lapply" "sapply" "time_bins_readable" "similar_route" 
"FUN" "lapply" "sapply" "time_bins_readable" "similar_route" 
"%in%" "FUN" "lapply" "sapply" "time_bins_readable" "similar_route" 
"FUN" "lapply" "sapply" "time_bins_readable" "similar_route" 
"%in%" "FUN" "lapply" "sapply" "time_bins_readable" "similar_route" 
"%in%" "FUN" "lapply" "sapply" "time_bins_readable" "similar_route" 
"%in%" "FUN" "lapply" "sapply" "time_bins_readable" "similar_route" 
"FUN" "lapply" "sapply" "time_bins_readable" "similar_route" 
"lapply" "sapply" "time_bins_readable" "similar_route" 
"lapply" "sapply" "time_bins_readable" "similar_route" 
"%in%" "FUN" "lapply" "sapply" "time_bins_readable" "similar_route" 
"%in%" "FUN" "lapply" "sapply" "time_bins_readable" "similar_route" 
"%in%" "FUN" "lapply" "sapply" "time_bins_readable" "similar_route" 
"FUN" "lapply" "sapply" "time_bins_readable" "similar_route" 
"FUN" "lapply" "sapply" "time_bins_readable" "similar_route" 
"FUN" "lapply" "sapply" "time_bins_readable" "similar_route" 
"%in%" "FUN" "lapply" "sapply" "time_bins_readable" "similar_route" 
"%in%" "FUN" "lapply" "sapply" "time_bins_readable" "similar_route" 
"%in%" "FUN" "lapply" "sapply" "time_bins_readable" "similar_route" 
"lapply" "sapply" "time_bins_readable" "similar_route" 
"FUN" "lapply" "sapply" "time_bins_readable" "similar_route" 
"%in%" "FUN" "lapply" "sapply" "time_bins_readable" "similar_route" 
"%in%" "FUN" "lapply" "sapply" "time_bins_readable" "similar_route" 
"%in%" "FUN" "lapply" "sapply" "time_bins_readable" "similar_route" 
"%in%" "FUN" "lapply" "sapply" "time_bins_readable" "similar_route" 
"lapply" "sapply" "time_bins_readable" "similar_route" 
"%in%" "FUN" "lapply" "sapply" "time_bins_readable" "similar_route" 
"lapply" "sapply" "time_bins_readable" "similar_route" 
"lapply" "sapply" "time_bins_readable" "similar_route" 
"%in%" "FUN" "lapply" "sapply" "time_bins_readable" "similar_route" 
"FUN" "lapply" "sapply" "time_bins_readable" "similar_route" 
"unlist" "simplify2array" "sapply" "time_bins_readable" "similar_route" 
"copy" "$<-.data.table" "$<-" "get_timeBin_x_edges" "similar_route.t" "similar_route" 
"as.POSIXlt.POSIXct" "as.POSIXlt" "time_bins_readable" "get_timeBin_x_edges" "similar_route.t" "similar_route" 
"as.POSIXlt.POSIXct" "as.POSIXlt" "time_bins_readable" "get_timeBin_x_edges" "similar_route.t" "similar_route" 
"as.POSIXlt.POSIXct" "as.POSIXlt" "time_bins_readable" "get_timeBin_x_edges" "similar_route.t" "similar_route" 
"FUN" "lapply" "sapply" "time_bins_readable" "get_timeBin_x_edges" "similar_route.t" "similar_route" 
"FUN" "lapply" "sapply" "time_bins_readable" "get_timeBin_x_edges" "similar_route.t" "similar_route" 
"FUN" "lapply" "sapply" "time_bins_readable" "get_timeBin_x_edges" "similar_route.t" "similar_route" 
"FUN" "lapply" "sapply" "time_bins_readable" "get_timeBin_x_edges" "similar_route.t" "similar_route" 
"FUN" "lapply" "sapply" "time_bins_readable" "get_timeBin_x_edges" "similar_route.t" "similar_route" 
"%in%" "FUN" "lapply" "sapply" "time_bins_readable" "get_timeBin_x_edges" "similar_route.t" "similar_route" 
"%in%" "FUN" "lapply" "sapply" "time_bins_readable" "get_timeBin_x_edges" "similar_route.t" "similar_route" 
"lapply" "sapply" "time_bins_readable" "get_timeBin_x_edges" "similar_route.t" "similar_route" 
"lapply" "sapply" "time_bins_readable" "get_timeBin_x_edges" "similar_route.t" "similar_route" 
"lapply" "sapply" "time_bins_readable" "get_timeBin_x_edges" "similar_route.t" "similar_route" 
"FUN" "lapply" "sapply" "time_bins_readable" "get_timeBin_x_edges" "similar_route.t" "similar_route" 
"lapply" "sapply" "time_bins_readable" "get_timeBin_x_edges" "similar_route.t" "similar_route" 
"%in%" "FUN" "lapply" "sapply" "time_bins_readable" "get_timeBin_x_edges" "similar_route.t" "similar_route" 
"FUN" "lapply" "sapply" "time_bins_readable" "get_timeBin_x_edges" "similar_route.t" "similar_route" 
"FUN" "lapply" "sapply" "time_bins_readable" "get_timeBin_x_edges" "similar_route.t" "similar_route" 
"lapply" "sapply" "time_bins_readable" "get_timeBin_x_edges" "similar_route.t" "similar_route" 
"%in%" "FUN" "lapply" "sapply" "time_bins_readable" "get_timeBin_x_edges" "similar_route.t" "similar_route" 
"lapply" "sapply" "time_bins_readable" "get_timeBin_x_edges" "similar_route.t" "similar_route" 
"FUN" "lapply" "sapply" "time_bins_readable" "get_timeBin_x_edges" "similar_route.t" "similar_route" 
"FUN" "lapply" "sapply" "time_bins_readable" "get_timeBin_x_edges" "similar_route.t" "similar_route" 
"lapply" "sapply" "time_bins_readable" "get_timeBin_x_edges" "similar_route.t" "similar_route" 
"FUN" "lapply" "sapply" "time_bins_readable" "get_timeBin_x_edges" "similar_route.t" "similar_route" 
"lapply" "sapply" "time_bins_readable" "get_timeBin_x_edges" "similar_route.t" "similar_route" 
"%in%" "FUN" "lapply" "sapply" "time_bins_readable" "get_timeBin_x_edges" "similar_route.t" "similar_route" 
"lapply" "sapply" "time_bins_readable" "get_timeBin_x_edges" "similar_route.t" "similar_route" 
"lapply" "sapply" "time_bins_readable" "get_timeBin_x_edges" "similar_route.t" "similar_route" 
"FUN" "lapply" "sapply" "time_bins_readable" "get_timeBin_x_edges" "similar_route.t" "similar_route" 
"FUN" "lapply" "sapply" "time_bins_readable" "get_timeBin_x_edges" "similar_route.t" "similar_route" 
"%in%" "FUN" "lapply" "sapply" "time_bins_readable" "get_timeBin_x_edges" "similar_route.t" "similar_route" 
"lapply" "sapply" "time_bins_readable" "get_timeBin_x_edges" "similar_route.t" "similar_route" 
"FUN" "lapply" "sapply" "time_bins_readable" "get_timeBin_x_edges" "similar_route.t" "similar_route" 
"%in%" "FUN" "lapply" "sapply" "time_bins_readable" "get_timeBin_x_edges" "similar_route.t" "similar_route" 
"%in%" "FUN" "lapply" "sapply" "time_bins_readable" "get_timeBin_x_edges" "similar_route.t" "similar_route" 
"FUN" "lapply" "sapply" "time_bins_readable" "get_timeBin_x_edges" "similar_route.t" "similar_route" 
"lengths" "unique" "simplify2array" "sapply" "time_bins_readable" "get_timeBin_x_edges" "similar_route.t" "similar_route" 
"copy" "$<-.data.table" "$<-" "get_timeBin_x_edges" "similar_route.t" "similar_route" 
"match.arg" "shift" "as.POSIXct" "difftime" ".Call" "[.data.table" "[" "get_timeBin_x_edges" "similar_route.t" "similar_route" 
"as.POSIXct" "difftime" ".Call" "[.data.table" "[" "get_timeBin_x_edges" "similar_route.t" "similar_route" 
"as.POSIXct.default" "as.POSIXct" "difftime" ".Call" "[.data.table" "[" "get_timeBin_x_edges" "similar_route.t" "similar_route" 
"match.arg" "shift" "as.POSIXct" "difftime" ".Call" "[.data.table" "[" "get_timeBin_x_edges" "similar_route.t" "similar_route" 
"match.arg" "difftime" ".Call" "[.data.table" "[" "get_timeBin_x_edges" "similar_route.t" "similar_route" 
"difftime" ".Call" "[.data.table" "[" "get_timeBin_x_edges" "similar_route.t" "similar_route" 
"as.POSIXct" "difftime" ".Call" "[.data.table" "[" "get_timeBin_x_edges" "similar_route.t" "similar_route" 
"eval" "eval" "match.arg" "difftime" ".Call" "[.data.table" "[" "get_timeBin_x_edges" "similar_route.t" "similar_route" 
"match.arg" "difftime" ".Call" "[.data.table" "[" "get_timeBin_x_edges" "similar_route.t" "similar_route" 
".difftime" "difftime" ".Call" "[.data.table" "[" "get_timeBin_x_edges" "similar_route.t" "similar_route" 
"na.omit" "get_timeBin_x_edges" "similar_route.t" "similar_route" 
"na.omit.default" "na.omit" "get_mode" ".Call" "[.data.table" "[" "get_timeBin_x_edges" "similar_route.t" "similar_route" 
".Call" "[.data.table" "[" "get_timeBin_x_edges" "similar_route.t" "similar_route" 
"unique" "get_mode" ".Call" "[.data.table" "[" "get_timeBin_x_edges" "similar_route.t" "similar_route" 
"unique" "get_mode" ".Call" "[.data.table" "[" "get_timeBin_x_edges" "similar_route.t" "similar_route" 
"tabulate" "get_mode" ".Call" "[.data.table" "[" "get_timeBin_x_edges" "similar_route.t" "similar_route" 
"na.omit" "get_mode" ".Call" "[.data.table" "[" "get_timeBin_x_edges" "similar_route.t" "similar_route" 
"na.omit" "get_mode" ".Call" "[.data.table" "[" "get_timeBin_x_edges" "similar_route.t" "similar_route" 
"na.omit" "sd_one_input_is_0" ".Call" "[.data.table" "[" "get_timeBin_x_edges" "similar_route.t" "similar_route" 
"unique" "get_mode" ".Call" "[.data.table" "[" "get_timeBin_x_edges" "similar_route.t" "similar_route" 
".Call" "[.data.table" "[" "get_timeBin_x_edges" "similar_route.t" "similar_route" 
"unique.default" "unique" "get_mode" ".Call" "[.data.table" "[" "get_timeBin_x_edges" "similar_route.t" "similar_route" 
"var" "sd" "sd_one_input_is_0" ".Call" "[.data.table" "[" "get_timeBin_x_edges" "similar_route.t" "similar_route" 
"is.data.frame" "var" "sd" "sd_one_input_is_0" ".Call" "[.data.table" "[" "get_timeBin_x_edges" "similar_route.t" "similar_route" 
"na.omit" "get_mode" ".Call" "[.data.table" "[" "get_timeBin_x_edges" "similar_route.t" "similar_route" 
"is.data.frame" "var" "sd" "sd_one_input_is_0" ".Call" "[.data.table" "[" "get_timeBin_x_edges" "similar_route.t" "similar_route" 
"na.omit" "sd_one_input_is_0" ".Call" "[.data.table" "[" "get_timeBin_x_edges" "similar_route.t" "similar_route" 
"unique.default" "unique" "get_mode" ".Call" "[.data.table" "[" "get_timeBin_x_edges" "similar_route.t" "similar_route" 
"unique" "get_mode" ".Call" "[.data.table" "[" "get_timeBin_x_edges" "similar_route.t" "similar_route" 
"get_mode" ".Call" "[.data.table" "[" "get_timeBin_x_edges" "similar_route.t" "similar_route" 
"tabulate" "get_mode" ".Call" "[.data.table" "[" "get_timeBin_x_edges" "similar_route.t" "similar_route" 
"na.omit.default" "na.omit" "get_mode" ".Call" "[.data.table" "[" "get_timeBin_x_edges" "similar_route.t" "similar_route" 
"var" "sd" "sd_one_input_is_0" ".Call" "[.data.table" "[" "get_timeBin_x_edges" "similar_route.t" "similar_route" 
"na.omit" "sd_one_input_is_0" ".Call" "[.data.table" "[" "get_timeBin_x_edges" "similar_route.t" "similar_route" 
"is.na" "var" "sd" "sd_one_input_is_0" ".Call" "[.data.table" "[" "get_timeBin_x_edges" "similar_route.t" "similar_route" 
"stopifnot" "var" "sd" "sd_one_input_is_0" ".Call" "[.data.table" "[" "get_timeBin_x_edges" "similar_route.t" "similar_route" 
"dim" "na.omit.default" "na.omit" "sd_one_input_is_0" ".Call" "[.data.table" "[" "get_timeBin_x_edges" "similar_route.t" "similar_route" 
"tabulate" "get_mode" ".Call" "[.data.table" "[" "get_timeBin_x_edges" "similar_route.t" "similar_route" 
"unique" "get_mode" ".Call" "[.data.table" "[" "get_timeBin_x_edges" "similar_route.t" "similar_route" 
"na.omit" "get_mode" ".Call" "[.data.table" "[" "get_timeBin_x_edges" "similar_route.t" "similar_route" 
"pmatch" "var" "sd" "sd_one_input_is_0" ".Call" "[.data.table" "[" "get_timeBin_x_edges" "similar_route.t" "similar_route" 
"na.omit" "get_mode" ".Call" "[.data.table" "[" "get_timeBin_x_edges" "similar_route.t" "similar_route" 
"na.omit.default" "na.omit" "get_mode" ".Call" "[.data.table" "[" "get_timeBin_x_edges" "similar_route.t" "similar_route" 
"stopifnot" "var" "sd" "sd_one_input_is_0" ".Call" "[.data.table" "[" "get_timeBin_x_edges" "similar_route.t" "similar_route" 
"na.omit" "get_mode" ".Call" "[.data.table" "[" "get_timeBin_x_edges" "similar_route.t" "similar_route" 
"sd" "sd_one_input_is_0" ".Call" "[.data.table" "[" "get_timeBin_x_edges" "similar_route.t" "similar_route" 
"na.omit.default" "na.omit" "sd_one_input_is_0" ".Call" "[.data.table" "[" "get_timeBin_x_edges" "similar_route.t" "similar_route" 
"sd" "sd_one_input_is_0" ".Call" "[.data.table" "[" "get_timeBin_x_edges" "similar_route.t" "similar_route" 
".External" ".Call" "[.data.table" "[" "get_timeBin_x_edges" "similar_route.t" "similar_route" 
"na.omit" "get_mode" ".Call" "[.data.table" "[" "get_timeBin_x_edges" "similar_route.t" "similar_route" 
"na.omit" "get_mode" ".Call" "[.data.table" "[" "get_timeBin_x_edges" "similar_route.t" "similar_route" 
"na.omit" "get_mode" ".Call" "[.data.table" "[" "get_timeBin_x_edges" "similar_route.t" "similar_route" 
"na.omit.default" "na.omit" "get_mode" ".Call" "[.data.table" "[" "get_timeBin_x_edges" "similar_route.t" "similar_route" 
"var" "sd" "sd_one_input_is_0" ".Call" "[.data.table" "[" "get_timeBin_x_edges" "similar_route.t" "similar_route" 
"na.omit.default" "na.omit" "get_mode" ".Call" "[.data.table" "[" "get_timeBin_x_edges" "similar_route.t" "similar_route" 
"pmatch" "var" "sd" "sd_one_input_is_0" ".Call" "[.data.table" "[" "get_timeBin_x_edges" "similar_route.t" "similar_route" 
"na.omit.default" "na.omit" "get_mode" ".Call" "[.data.table" "[" "get_timeBin_x_edges" "similar_route.t" "similar_route" 
"...elt" "stopifnot" "var" "sd" "sd_one_input_is_0" ".Call" "[.data.table" "[" "get_timeBin_x_edges" "similar_route.t" "similar_route" 
"is.atomic" "na.omit.default" "na.omit" "sd_one_input_is_0" ".Call" "[.data.table" "[" "get_timeBin_x_edges" "similar_route.t" "similar_route" 
"na.omit.default" "na.omit" "sd_one_input_is_0" ".Call" "[.data.table" "[" "get_timeBin_x_edges" "similar_route.t" "similar_route" 
"na.omit" "get_mode" ".Call" "[.data.table" "[" "get_timeBin_x_edges" "similar_route.t" "similar_route" 
"all" "stopifnot" "var" "sd" "sd_one_input_is_0" ".Call" "[.data.table" "[" "get_timeBin_x_edges" "similar_route.t" "similar_route" 
".Call" "[.data.table" "[" "get_timeBin_x_edges" "similar_route.t" "similar_route" 
"sd_one_input_is_0" ".Call" "[.data.table" "[" "get_timeBin_x_edges" "similar_route.t" "similar_route" 
"sd" "sd_one_input_is_0" ".Call" "[.data.table" "[" "get_timeBin_x_edges" "similar_route.t" "similar_route" 
"stopifnot" "var" "sd" "sd_one_input_is_0" ".Call" "[.data.table" "[" "get_timeBin_x_edges" "similar_route.t" "similar_route" 
"var" "sd" "sd_one_input_is_0" ".Call" "[.data.table" "[" "get_timeBin_x_edges" "similar_route.t" "similar_route" 
"max" "tabulate" "get_mode" ".Call" "[.data.table" "[" "get_timeBin_x_edges" "similar_route.t" "similar_route" 
"na.omit" "get_mode" ".Call" "[.data.table" "[" "get_timeBin_x_edges" "similar_route.t" "similar_route" 
"tabulate" "get_mode" ".Call" "[.data.table" "[" "get_timeBin_x_edges" "similar_route.t" "similar_route" 
"get_mode" ".Call" "[.data.table" "[" "get_timeBin_x_edges" "similar_route.t" "similar_route" 
"tabulate" "get_mode" ".Call" "[.data.table" "[" "get_timeBin_x_edges" "similar_route.t" "similar_route" 
".Call" "[.data.table" "[" "get_timeBin_x_edges" "similar_route.t" "similar_route" 
"force" "[.data.table" "[" "similar_route.t" "similar_route" 
"sub" "mysub" "is.factor" "sub" "mysub" "trimws" ".parse_on" "[.data.table" "[" ".Call" "[.data.table" "[" "similar_route.t" "similar_route" 
